atom( var )
factor
term
expr
atom( ok )
factor
term
expr
function_call
statement_seq
if_statement
statement_seq
atom( var )
factor
term
atom( 7 )
factor
term
expr
atom
factor
term
atom( var )
factor
atom( 9 )
factor
term
term
expr
function_call
statement_seq
function_call
statement_seq
if_statement
statement_seq
atom( var )
factor
term
expr
function_call
statement_seq
atom( var )
factor
atom( 1 )
factor
term
term
expr
function_call
statement_seq
function_call
statement_seq
14:Syntax Error (token: 'ELSE')
